------------------------------------------------------------
Timing Analyzer Summary
------------------------------------------------------------

Type  : Slow 1100mV 85C Model Setup 'CLOCK_50'
Slack : -12.389
TNS   : -2184.988

Type  : Slow 1100mV 85C Model Hold 'CLOCK_50'
Slack : 0.379
TNS   : 0.000

Type  : Slow 1100mV 85C Model Minimum Pulse Width 'CLOCK_50'
Slack : -3.000
TNS   : -334.573

Type  : Slow 1100mV 0C Model Setup 'CLOCK_50'
Slack : -12.442
TNS   : -2212.486

Type  : Slow 1100mV 0C Model Hold 'CLOCK_50'
Slack : 0.384
TNS   : 0.000

Type  : Slow 1100mV 0C Model Minimum Pulse Width 'CLOCK_50'
Slack : -3.000
TNS   : -339.696

Type  : Fast 1100mV 85C Model Setup 'CLOCK_50'
Slack : -6.575
TNS   : -1133.029

Type  : Fast 1100mV 85C Model Hold 'CLOCK_50'
Slack : 0.182
TNS   : 0.000

Type  : Fast 1100mV 85C Model Minimum Pulse Width 'CLOCK_50'
Slack : -2.225
TNS   : -226.367

Type  : Fast 1100mV 0C Model Setup 'CLOCK_50'
Slack : -5.944
TNS   : -1027.648

Type  : Fast 1100mV 0C Model Hold 'CLOCK_50'
Slack : 0.173
TNS   : 0.000

Type  : Fast 1100mV 0C Model Minimum Pulse Width 'CLOCK_50'
Slack : -2.225
TNS   : -226.028

------------------------------------------------------------
