------------------------------------------------------------
Timing Analyzer Summary
------------------------------------------------------------

Type  : Slow 1100mV 85C Model Setup 'CLOCK_50'
Slack : -12.327
TNS   : -2186.992

Type  : Slow 1100mV 85C Model Hold 'CLOCK_50'
Slack : 0.336
TNS   : 0.000

Type  : Slow 1100mV 85C Model Minimum Pulse Width 'CLOCK_50'
Slack : -3.000
TNS   : -334.576

Type  : Slow 1100mV 0C Model Setup 'CLOCK_50'
Slack : -12.255
TNS   : -2191.668

Type  : Slow 1100mV 0C Model Hold 'CLOCK_50'
Slack : 0.322
TNS   : 0.000

Type  : Slow 1100mV 0C Model Minimum Pulse Width 'CLOCK_50'
Slack : -3.000
TNS   : -339.850

Type  : Fast 1100mV 85C Model Setup 'CLOCK_50'
Slack : -6.478
TNS   : -1115.177

Type  : Fast 1100mV 85C Model Hold 'CLOCK_50'
Slack : 0.182
TNS   : 0.000

Type  : Fast 1100mV 85C Model Minimum Pulse Width 'CLOCK_50'
Slack : -2.225
TNS   : -226.337

Type  : Fast 1100mV 0C Model Setup 'CLOCK_50'
Slack : -5.889
TNS   : -1021.415

Type  : Fast 1100mV 0C Model Hold 'CLOCK_50'
Slack : 0.174
TNS   : 0.000

Type  : Fast 1100mV 0C Model Minimum Pulse Width 'CLOCK_50'
Slack : -2.225
TNS   : -226.066

------------------------------------------------------------
