------------------------------------------------------------
Timing Analyzer Summary
------------------------------------------------------------

Type  : Slow 1100mV 85C Model Setup 'clk_div_count[15]'
Slack : -4.029
TNS   : -122.847

Type  : Slow 1100mV 85C Model Setup 'CLOCK_50'
Slack : -3.424
TNS   : -61.715

Type  : Slow 1100mV 85C Model Hold 'CLOCK_50'
Slack : 0.298
TNS   : 0.000

Type  : Slow 1100mV 85C Model Hold 'clk_div_count[15]'
Slack : 0.401
TNS   : 0.000

Type  : Slow 1100mV 85C Model Minimum Pulse Width 'CLOCK_50'
Slack : -0.396
TNS   : -22.298

Type  : Slow 1100mV 85C Model Minimum Pulse Width 'clk_div_count[15]'
Slack : -0.394
TNS   : -29.610

Type  : Slow 1100mV 0C Model Setup 'clk_div_count[15]'
Slack : -4.030
TNS   : -123.495

Type  : Slow 1100mV 0C Model Setup 'CLOCK_50'
Slack : -3.342
TNS   : -58.595

Type  : Slow 1100mV 0C Model Hold 'CLOCK_50'
Slack : 0.100
TNS   : 0.000

Type  : Slow 1100mV 0C Model Hold 'clk_div_count[15]'
Slack : 0.438
TNS   : 0.000

Type  : Slow 1100mV 0C Model Minimum Pulse Width 'CLOCK_50'
Slack : -0.404
TNS   : -24.411

Type  : Slow 1100mV 0C Model Minimum Pulse Width 'clk_div_count[15]'
Slack : -0.394
TNS   : -28.649

Type  : Fast 1100mV 85C Model Setup 'CLOCK_50'
Slack : -2.572
TNS   : -29.333

Type  : Fast 1100mV 85C Model Setup 'clk_div_count[15]'
Slack : -1.971
TNS   : -58.430

Type  : Fast 1100mV 85C Model Hold 'CLOCK_50'
Slack : 0.125
TNS   : 0.000

Type  : Fast 1100mV 85C Model Hold 'clk_div_count[15]'
Slack : 0.199
TNS   : 0.000

Type  : Fast 1100mV 85C Model Minimum Pulse Width 'CLOCK_50'
Slack : -0.452
TNS   : -5.193

Type  : Fast 1100mV 85C Model Minimum Pulse Width 'clk_div_count[15]'
Slack : -0.056
TNS   : -1.289

Type  : Fast 1100mV 0C Model Setup 'CLOCK_50'
Slack : -2.173
TNS   : -22.647

Type  : Fast 1100mV 0C Model Setup 'clk_div_count[15]'
Slack : -1.841
TNS   : -53.795

Type  : Fast 1100mV 0C Model Hold 'CLOCK_50'
Slack : 0.092
TNS   : 0.000

Type  : Fast 1100mV 0C Model Hold 'clk_div_count[15]'
Slack : 0.203
TNS   : 0.000

Type  : Fast 1100mV 0C Model Minimum Pulse Width 'CLOCK_50'
Slack : -0.441
TNS   : -5.137

Type  : Fast 1100mV 0C Model Minimum Pulse Width 'clk_div_count[15]'
Slack : -0.003
TNS   : -0.038

------------------------------------------------------------
