------------------------------------------------------------
Timing Analyzer Summary
------------------------------------------------------------

Type  : Slow 1100mV 85C Model Setup 'CLOCK_50'
Slack : -2.121
TNS   : -83.139

Type  : Slow 1100mV 85C Model Hold 'CLOCK_50'
Slack : 0.283
TNS   : 0.000

Type  : Slow 1100mV 85C Model Minimum Pulse Width 'CLOCK_50'
Slack : -0.394
TNS   : -37.868

Type  : Slow 1100mV 0C Model Setup 'CLOCK_50'
Slack : -2.145
TNS   : -84.514

Type  : Slow 1100mV 0C Model Hold 'CLOCK_50'
Slack : 0.269
TNS   : 0.000

Type  : Slow 1100mV 0C Model Minimum Pulse Width 'CLOCK_50'
Slack : -0.394
TNS   : -41.649

Type  : Fast 1100mV 85C Model Setup 'CLOCK_50'
Slack : -0.717
TNS   : -21.423

Type  : Fast 1100mV 85C Model Hold 'CLOCK_50'
Slack : 0.167
TNS   : 0.000

Type  : Fast 1100mV 85C Model Minimum Pulse Width 'CLOCK_50'
Slack : -0.120
TNS   : -8.468

Type  : Fast 1100mV 0C Model Setup 'CLOCK_50'
Slack : -0.608
TNS   : -17.165

Type  : Fast 1100mV 0C Model Hold 'CLOCK_50'
Slack : 0.153
TNS   : 0.000

Type  : Fast 1100mV 0C Model Minimum Pulse Width 'CLOCK_50'
Slack : -0.114
TNS   : -8.188

------------------------------------------------------------
